// Jest Snapshot v1, https://goo.gl/fbAQLP

exports[`renders the component 1`] = `
<div
  className="col-md-4"
>
  <div
    className="card mb-4 box-shadow"
  >
    <img
      alt="Card"
      className="card-img-top"
      src="http://picsum.photos/200/200"
    />
    <div
      className="card-body"
    >
      <p
        className="card-text"
      >
        This is a wider card with supporting text below as a natural lead-in to additional content. This content is a little bit longer.
      </p>
      <div
        className="d-flex justify-content-between align-items-center"
      >
        <div
          className="btn-group"
        >
          <button
            className="btn btn-sm btn-outline-primary"
            type="button"
          >
            View
          </button>
          <button
            className="btn btn-sm btn-outline-secondary"
            type="button"
          >
            Edit
          </button>
        </div>
        <small
          className="text-muted"
        >
          9 mins
        </small>
      </div>
    </div>
  </div>
</div>
`;
