// Jest Snapshot v1, https://goo.gl/fbAQLP

exports[`renders the component 1`] = `
<footer
  className="text-muted py-5"
>
  <div
    className="container"
  >
    <p
      className="float-right"
    >
      <a
        href="!#"
      >
        Back to top
      </a>
    </p>
    <p>
      Album example is Â© Bootstrap, but please download and customize it for yourself!
    </p>
  </div>
</footer>
`;
