// Jest Snapshot v1, https://goo.gl/fbAQLP

exports[`renders the component 1`] = `
<section
  className="jumbotron text-center mb-0 bg-white"
>
  <div
    className="container"
  >
    <h1
      className="jumbotron-heading"
    >
      Album example
    </h1>
    <p
      className="lead text-muted"
    >
      Something short and leading about the collection belowâ€”its contents, the creator, etc. Make it short and sweet, but not too short so folks don't simply skip over it entirely.
    </p>
    <p>
      <a
        className="btn btn-primary m-2"
        href="!#"
      >
        Main call to action
      </a>
      <a
        className="btn btn-secondary m-2"
        href="!#"
      >
        Secondary action
      </a>
    </p>
  </div>
</section>
`;
