// Jest Snapshot v1, https://goo.gl/fbAQLP

exports[`renders the component 1`] = `
<Fragment>
  <mock-header />
  <mock-main />
  <mock-footer />
</Fragment>
`;
